MASTER_ADDR=nid007550  MASTER_PORT=30093  SLURM_NNODES=1  RUN_NNODES=1
nid007550:140388:140388 [0] NCCL INFO NCCL_SOCKET_IFNAME set by environment to hsn0
nid007550:140388:140388 [0] NCCL INFO Bootstrap : Using hsn0:172.28.45.56<0>
nid007550:140388:140388 [0] NCCL INFO NET/Plugin: No plugin found (libnccl-net.so)
nid007550:140388:140388 [0] NCCL INFO NET/Plugin: Plugin load returned 2 : libnccl-net.so: cannot open shared object file: No such file or directory : when loading libnccl-net.so
nid007550:140388:140388 [0] NCCL INFO NET/Plugin: Using internal network plugin.
nid007550:140388:140388 [0] NCCL INFO cudaDriverVersion 13010
NCCL version 2.21.5+cuda12.4
nid007550:140390:140390 [2] NCCL INFO cudaDriverVersion 13010
nid007550:140390:140390 [2] NCCL INFO NCCL_SOCKET_IFNAME set by environment to hsn0
nid007550:140389:140389 [1] NCCL INFO cudaDriverVersion 13010
nid007550:140389:140389 [1] NCCL INFO NCCL_SOCKET_IFNAME set by environment to hsn0
nid007550:140391:140391 [3] NCCL INFO cudaDriverVersion 13010
nid007550:140391:140391 [3] NCCL INFO NCCL_SOCKET_IFNAME set by environment to hsn0
nid007550:140389:140389 [1] NCCL INFO Bootstrap : Using hsn0:172.28.45.56<0>
nid007550:140390:140390 [2] NCCL INFO Bootstrap : Using hsn0:172.28.45.56<0>
nid007550:140391:140391 [3] NCCL INFO Bootstrap : Using hsn0:172.28.45.56<0>
nid007550:140390:140390 [2] NCCL INFO NET/Plugin: No plugin found (libnccl-net.so)
nid007550:140390:140390 [2] NCCL INFO NET/Plugin: Plugin load returned 2 : libnccl-net.so: cannot open shared object file: No such file or directory : when loading libnccl-net.so
nid007550:140389:140389 [1] NCCL INFO NET/Plugin: No plugin found (libnccl-net.so)
nid007550:140390:140390 [2] NCCL INFO NET/Plugin: Using internal network plugin.
nid007550:140389:140389 [1] NCCL INFO NET/Plugin: Plugin load returned 2 : libnccl-net.so: cannot open shared object file: No such file or directory : when loading libnccl-net.so
nid007550:140389:140389 [1] NCCL INFO NET/Plugin: Using internal network plugin.
nid007550:140391:140391 [3] NCCL INFO NET/Plugin: No plugin found (libnccl-net.so)
nid007550:140391:140391 [3] NCCL INFO NET/Plugin: Plugin load returned 2 : libnccl-net.so: cannot open shared object file: No such file or directory : when loading libnccl-net.so
nid007550:140391:140391 [3] NCCL INFO NET/Plugin: Using internal network plugin.
nid007550:140388:140660 [0] NCCL INFO Failed to open libibverbs.so[.1]
nid007550:140390:140661 [2] NCCL INFO Failed to open libibverbs.so[.1]
nid007550:140388:140660 [0] NCCL INFO NCCL_SOCKET_IFNAME set by environment to hsn0
nid007550:140390:140661 [2] NCCL INFO NCCL_SOCKET_IFNAME set by environment to hsn0
nid007550:140390:140661 [2] NCCL INFO NET/Socket : Using [0]hsn0:172.28.45.56<0>
nid007550:140388:140660 [0] NCCL INFO NET/Socket : Using [0]hsn0:172.28.45.56<0>
nid007550:140390:140661 [2] NCCL INFO Using non-device net plugin version 0
nid007550:140390:140661 [2] NCCL INFO Using network Socket
nid007550:140388:140660 [0] NCCL INFO Using non-device net plugin version 0
nid007550:140388:140660 [0] NCCL INFO Using network Socket
nid007550:140389:140662 [1] NCCL INFO Failed to open libibverbs.so[.1]
nid007550:140389:140662 [1] NCCL INFO NCCL_SOCKET_IFNAME set by environment to hsn0
nid007550:140389:140662 [1] NCCL INFO NET/Socket : Using [0]hsn0:172.28.45.56<0>
nid007550:140389:140662 [1] NCCL INFO Using non-device net plugin version 0
nid007550:140389:140662 [1] NCCL INFO Using network Socket
nid007550:140391:140663 [3] NCCL INFO Failed to open libibverbs.so[.1]
nid007550:140391:140663 [3] NCCL INFO NCCL_SOCKET_IFNAME set by environment to hsn0
nid007550:140391:140663 [3] NCCL INFO NET/Socket : Using [0]hsn0:172.28.45.56<0>
nid007550:140391:140663 [3] NCCL INFO Using non-device net plugin version 0
nid007550:140391:140663 [3] NCCL INFO Using network Socket
nid007550:140389:140662 [1] NCCL INFO ncclCommInitRank comm 0xaaab3e1e3fb0 rank 1 nranks 4 cudaDev 1 nvmlDev 1 busId 1901000 commId 0x3ca089f2f84558b8 - Init START
nid007550:140388:140660 [0] NCCL INFO ncclCommInitRank comm 0xaaae958d91d0 rank 0 nranks 4 cudaDev 0 nvmlDev 0 busId 901000 commId 0x3ca089f2f84558b8 - Init START
nid007550:140391:140663 [3] NCCL INFO ncclCommInitRank comm 0xaaab17e4e8c0 rank 3 nranks 4 cudaDev 3 nvmlDev 3 busId 3901000 commId 0x3ca089f2f84558b8 - Init START
nid007550:140390:140661 [2] NCCL INFO ncclCommInitRank comm 0xaaae36ca6c50 rank 2 nranks 4 cudaDev 2 nvmlDev 2 busId 2901000 commId 0x3ca089f2f84558b8 - Init START
nid007550:140391:140663 [3] NCCL INFO Setting affinity for GPU 3 to ffffffff,ffffffff,ff000000,00000000,00000000,00000000,00000000,00000000,00000000
nid007550:140391:140663 [3] NCCL INFO NVLS multicast support is not available on dev 3
nid007550:140388:140660 [0] NCCL INFO Setting affinity for GPU 0 to ff,ffffffff,ffffffff
nid007550:140388:140660 [0] NCCL INFO NVLS multicast support is not available on dev 0
nid007550:140390:140661 [2] NCCL INFO Setting affinity for GPU 2 to ffffff,ffffffff,ffff0000,00000000,00000000,00000000,00000000
nid007550:140390:140661 [2] NCCL INFO NVLS multicast support is not available on dev 2
nid007550:140389:140662 [1] NCCL INFO Setting affinity for GPU 1 to ffff,ffffffff,ffffff00,00000000,00000000
nid007550:140389:140662 [1] NCCL INFO NVLS multicast support is not available on dev 1
nid007550:140391:140663 [3] NCCL INFO comm 0xaaab17e4e8c0 rank 3 nRanks 4 nNodes 1 localRanks 4 localRank 3 MNNVL 0
nid007550:140388:140660 [0] NCCL INFO comm 0xaaae958d91d0 rank 0 nRanks 4 nNodes 1 localRanks 4 localRank 0 MNNVL 0
nid007550:140390:140661 [2] NCCL INFO comm 0xaaae36ca6c50 rank 2 nRanks 4 nNodes 1 localRanks 4 localRank 2 MNNVL 0
nid007550:140389:140662 [1] NCCL INFO comm 0xaaab3e1e3fb0 rank 1 nRanks 4 nNodes 1 localRanks 4 localRank 1 MNNVL 0
nid007550:140388:140660 [0] NCCL INFO Channel 00/24 :    0   1   2   3
nid007550:140391:140663 [3] NCCL INFO Trees [0] -1/-1/-1->3->2 [1] -1/-1/-1->3->2 [2] -1/-1/-1->3->2 [3] -1/-1/-1->3->2 [4] -1/-1/-1->3->1 [5] -1/-1/-1->3->1 [6] -1/-1/-1->3->1 [7] -1/-1/-1->3->1 [8] 2/-1/-1->3->0 [9] 2/-1/-1->3->0 [10] 2/-1/-1->3->0 [11] 2/-1/-1->3->0 [12] -1/-1/-1->3->2 [13] -1/-1/-1->3->2 [14] -1/-1/-1->3->2 [15] -1/-1/-1->3->2 [16] -1/-1/-1->3->1 [17] -1/-1/-1->3->1 [18] -1/-1/-1->3->1 [19] -1/-1/-1->3->1 [20] 2/-1/-1->3->0 [21] 2/-1/-1->3->0 [22] 2/-1/-1->3->0 [23] 2/-1/-1->3->0
nid007550:140388:140660 [0] NCCL INFO Channel 01/24 :    0   1   3   2
nid007550:140390:140661 [2] NCCL INFO Trees [0] 3/-1/-1->2->1 [1] 3/-1/-1->2->1 [2] 3/-1/-1->2->1 [3] 3/-1/-1->2->1 [4] 1/-1/-1->2->0 [5] 1/-1/-1->2->0 [6] 1/-1/-1->2->0 [7] 1/-1/-1->2->0 [8] -1/-1/-1->2->3 [9] -1/-1/-1->2->3 [10] -1/-1/-1->2->3 [11] -1/-1/-1->2->3 [12] 3/-1/-1->2->1 [13] 3/-1/-1->2->1 [14] 3/-1/-1->2->1 [15] 3/-1/-1->2->1 [16] 1/-1/-1->2->0 [17] 1/-1/-1->2->0 [18] 1/-1/-1->2->0 [19] 1/-1/-1->2->0 [20] -1/-1/-1->2->3 [21] -1/-1/-1->2->3 [22] -1/-1/-1->2->3 [23] -1/-1/-1->2->3
nid007550:140388:140660 [0] NCCL INFO Channel 02/24 :    0   2   3   1
nid007550:140391:140663 [3] NCCL INFO P2P Chunksize set to 524288
nid007550:140388:140660 [0] NCCL INFO Channel 03/24 :    0   2   1   3
nid007550:140390:140661 [2] NCCL INFO P2P Chunksize set to 524288
nid007550:140388:140660 [0] NCCL INFO Channel 04/24 :    0   3   1   2
nid007550:140389:140662 [1] NCCL INFO Trees [0] 2/-1/-1->1->0 [1] 2/-1/-1->1->0 [2] 2/-1/-1->1->0 [3] 2/-1/-1->1->0 [4] 3/-1/-1->1->2 [5] 3/-1/-1->1->2 [6] 3/-1/-1->1->2 [7] 3/-1/-1->1->2 [8] 0/-1/-1->1->-1 [9] 0/-1/-1->1->-1 [10] 0/-1/-1->1->-1 [11] 0/-1/-1->1->-1 [12] 2/-1/-1->1->0 [13] 2/-1/-1->1->0 [14] 2/-1/-1->1->0 [15] 2/-1/-1->1->0 [16] 3/-1/-1->1->2 [17] 3/-1/-1->1->2 [18] 3/-1/-1->1->2 [19] 3/-1/-1->1->2 [20] 0/-1/-1->1->-1 [21] 0/-1/-1->1->-1 [22] 0/-1/-1->1->-1 [23] 0/-1/-1->1->-1
nid007550:140388:140660 [0] NCCL INFO Channel 05/24 :    0   3   2   1
nid007550:140388:140660 [0] NCCL INFO Channel 06/24 :    0   1   2   3
nid007550:140389:140662 [1] NCCL INFO P2P Chunksize set to 524288
nid007550:140388:140660 [0] NCCL INFO Channel 07/24 :    0   1   3   2
nid007550:140388:140660 [0] NCCL INFO Channel 08/24 :    0   2   3   1
nid007550:140388:140660 [0] NCCL INFO Channel 09/24 :    0   2   1   3
nid007550:140388:140660 [0] NCCL INFO Channel 10/24 :    0   3   1   2
nid007550:140388:140660 [0] NCCL INFO Channel 11/24 :    0   3   2   1
nid007550:140388:140660 [0] NCCL INFO Channel 12/24 :    0   1   2   3
nid007550:140388:140660 [0] NCCL INFO Channel 13/24 :    0   1   3   2
nid007550:140388:140660 [0] NCCL INFO Channel 14/24 :    0   2   3   1
nid007550:140388:140660 [0] NCCL INFO Channel 15/24 :    0   2   1   3
nid007550:140388:140660 [0] NCCL INFO Channel 16/24 :    0   3   1   2
nid007550:140388:140660 [0] NCCL INFO Channel 17/24 :    0   3   2   1
nid007550:140388:140660 [0] NCCL INFO Channel 18/24 :    0   1   2   3
nid007550:140388:140660 [0] NCCL INFO Channel 19/24 :    0   1   3   2
nid007550:140388:140660 [0] NCCL INFO Channel 20/24 :    0   2   3   1
nid007550:140388:140660 [0] NCCL INFO Channel 21/24 :    0   2   1   3
nid007550:140388:140660 [0] NCCL INFO Channel 22/24 :    0   3   1   2
nid007550:140388:140660 [0] NCCL INFO Channel 23/24 :    0   3   2   1
nid007550:140388:140660 [0] NCCL INFO Trees [0] 1/-1/-1->0->-1 [1] 1/-1/-1->0->-1 [2] 1/-1/-1->0->-1 [3] 1/-1/-1->0->-1 [4] 2/-1/-1->0->-1 [5] 2/-1/-1->0->-1 [6] 2/-1/-1->0->-1 [7] 2/-1/-1->0->-1 [8] 3/-1/-1->0->1 [9] 3/-1/-1->0->1 [10] 3/-1/-1->0->1 [11] 3/-1/-1->0->1 [12] 1/-1/-1->0->-1 [13] 1/-1/-1->0->-1 [14] 1/-1/-1->0->-1 [15] 1/-1/-1->0->-1 [16] 2/-1/-1->0->-1 [17] 2/-1/-1->0->-1 [18] 2/-1/-1->0->-1 [19] 2/-1/-1->0->-1 [20] 3/-1/-1->0->1 [21] 3/-1/-1->0->1 [22] 3/-1/-1->0->1 [23] 3/-1/-1->0->1
nid007550:140388:140660 [0] NCCL INFO P2P Chunksize set to 524288
nid007550:140388:140660 [0] NCCL INFO Channel 00/0 : 0[0] -> 1[1] via P2P/CUMEM
nid007550:140388:140660 [0] NCCL INFO Channel 01/0 : 0[0] -> 1[1] via P2P/CUMEM
nid007550:140388:140660 [0] NCCL INFO Channel 06/0 : 0[0] -> 1[1] via P2P/CUMEM
nid007550:140388:140660 [0] NCCL INFO Channel 07/0 : 0[0] -> 1[1] via P2P/CUMEM
nid007550:140391:140663 [3] NCCL INFO Channel 00/0 : 3[3] -> 0[0] via P2P/CUMEM
nid007550:140391:140663 [3] NCCL INFO Channel 03/0 : 3[3] -> 0[0] via P2P/CUMEM
nid007550:140388:140660 [0] NCCL INFO Channel 12/0 : 0[0] -> 1[1] via P2P/CUMEM
nid007550:140391:140663 [3] NCCL INFO Channel 06/0 : 3[3] -> 0[0] via P2P/CUMEM
nid007550:140388:140660 [0] NCCL INFO Channel 13/0 : 0[0] -> 1[1] via P2P/CUMEM
nid007550:140388:140660 [0] NCCL INFO Channel 18/0 : 0[0] -> 1[1] via P2P/CUMEM
nid007550:140391:140663 [3] NCCL INFO Channel 09/0 : 3[3] -> 0[0] via P2P/CUMEM
nid007550:140388:140660 [0] NCCL INFO Channel 19/0 : 0[0] -> 1[1] via P2P/CUMEM
nid007550:140391:140663 [3] NCCL INFO Channel 12/0 : 3[3] -> 0[0] via P2P/CUMEM
nid007550:140391:140663 [3] NCCL INFO Channel 15/0 : 3[3] -> 0[0] via P2P/CUMEM
nid007550:140391:140663 [3] NCCL INFO Channel 18/0 : 3[3] -> 0[0] via P2P/CUMEM
nid007550:140391:140663 [3] NCCL INFO Channel 21/0 : 3[3] -> 0[0] via P2P/CUMEM
nid007550:140389:140662 [1] NCCL INFO Channel 00/0 : 1[1] -> 2[2] via P2P/CUMEM
nid007550:140389:140662 [1] NCCL INFO Channel 04/0 : 1[1] -> 2[2] via P2P/CUMEM
nid007550:140389:140662 [1] NCCL INFO Channel 06/0 : 1[1] -> 2[2] via P2P/CUMEM
nid007550:140389:140662 [1] NCCL INFO Channel 10/0 : 1[1] -> 2[2] via P2P/CUMEM
nid007550:140389:140662 [1] NCCL INFO Channel 12/0 : 1[1] -> 2[2] via P2P/CUMEM
nid007550:140390:140661 [2] NCCL INFO Channel 00/0 : 2[2] -> 3[3] via P2P/CUMEM
nid007550:140389:140662 [1] NCCL INFO Channel 16/0 : 1[1] -> 2[2] via P2P/CUMEM
nid007550:140389:140662 [1] NCCL INFO Channel 18/0 : 1[1] -> 2[2] via P2P/CUMEM
nid007550:140390:140661 [2] NCCL INFO Channel 02/0 : 2[2] -> 3[3] via P2P/CUMEM
nid007550:140390:140661 [2] NCCL INFO Channel 06/0 : 2[2] -> 3[3] via P2P/CUMEM
nid007550:140389:140662 [1] NCCL INFO Channel 22/0 : 1[1] -> 2[2] via P2P/CUMEM
nid007550:140390:140661 [2] NCCL INFO Channel 08/0 : 2[2] -> 3[3] via P2P/CUMEM
nid007550:140390:140661 [2] NCCL INFO Channel 12/0 : 2[2] -> 3[3] via P2P/CUMEM
nid007550:140390:140661 [2] NCCL INFO Channel 14/0 : 2[2] -> 3[3] via P2P/CUMEM
nid007550:140390:140661 [2] NCCL INFO Channel 18/0 : 2[2] -> 3[3] via P2P/CUMEM
nid007550:140390:140661 [2] NCCL INFO Channel 20/0 : 2[2] -> 3[3] via P2P/CUMEM
nid007550:140388:140660 [0] NCCL INFO Channel 02/0 : 0[0] -> 2[2] via P2P/CUMEM
nid007550:140388:140660 [0] NCCL INFO Channel 03/0 : 0[0] -> 2[2] via P2P/CUMEM
nid007550:140388:140660 [0] NCCL INFO Channel 08/0 : 0[0] -> 2[2] via P2P/CUMEM
nid007550:140388:140660 [0] NCCL INFO Channel 09/0 : 0[0] -> 2[2] via P2P/CUMEM
nid007550:140389:140662 [1] NCCL INFO Channel 01/0 : 1[1] -> 3[3] via P2P/CUMEM
nid007550:140388:140660 [0] NCCL INFO Channel 14/0 : 0[0] -> 2[2] via P2P/CUMEM
nid007550:140390:140661 [2] NCCL INFO Channel 01/0 : 2[2] -> 0[0] via P2P/CUMEM
nid007550:140391:140663 [3] NCCL INFO Channel 02/0 : 3[3] -> 1[1] via P2P/CUMEM
nid007550:140389:140662 [1] NCCL INFO Channel 03/0 : 1[1] -> 3[3] via P2P/CUMEM
nid007550:140388:140660 [0] NCCL INFO Channel 15/0 : 0[0] -> 2[2] via P2P/CUMEM
nid007550:140391:140663 [3] NCCL INFO Channel 04/0 : 3[3] -> 1[1] via P2P/CUMEM
nid007550:140389:140662 [1] NCCL INFO Channel 07/0 : 1[1] -> 3[3] via P2P/CUMEM
nid007550:140390:140661 [2] NCCL INFO Channel 04/0 : 2[2] -> 0[0] via P2P/CUMEM
nid007550:140388:140660 [0] NCCL INFO Channel 20/0 : 0[0] -> 2[2] via P2P/CUMEM
nid007550:140390:140661 [2] NCCL INFO Channel 07/0 : 2[2] -> 0[0] via P2P/CUMEM
nid007550:140391:140663 [3] NCCL INFO Channel 08/0 : 3[3] -> 1[1] via P2P/CUMEM
nid007550:140389:140662 [1] NCCL INFO Channel 09/0 : 1[1] -> 3[3] via P2P/CUMEM
nid007550:140389:140662 [1] NCCL INFO Channel 13/0 : 1[1] -> 3[3] via P2P/CUMEM
nid007550:140391:140663 [3] NCCL INFO Channel 10/0 : 3[3] -> 1[1] via P2P/CUMEM
nid007550:140388:140660 [0] NCCL INFO Channel 21/0 : 0[0] -> 2[2] via P2P/CUMEM
nid007550:140390:140661 [2] NCCL INFO Channel 10/0 : 2[2] -> 0[0] via P2P/CUMEM
nid007550:140389:140662 [1] NCCL INFO Channel 15/0 : 1[1] -> 3[3] via P2P/CUMEM
nid007550:140391:140663 [3] NCCL INFO Channel 14/0 : 3[3] -> 1[1] via P2P/CUMEM
nid007550:140390:140661 [2] NCCL INFO Channel 13/0 : 2[2] -> 0[0] via P2P/CUMEM
nid007550:140390:140661 [2] NCCL INFO Channel 16/0 : 2[2] -> 0[0] via P2P/CUMEM
nid007550:140391:140663 [3] NCCL INFO Channel 16/0 : 3[3] -> 1[1] via P2P/CUMEM
nid007550:140389:140662 [1] NCCL INFO Channel 19/0 : 1[1] -> 3[3] via P2P/CUMEM
nid007550:140390:140661 [2] NCCL INFO Channel 19/0 : 2[2] -> 0[0] via P2P/CUMEM
nid007550:140391:140663 [3] NCCL INFO Channel 20/0 : 3[3] -> 1[1] via P2P/CUMEM
nid007550:140389:140662 [1] NCCL INFO Channel 21/0 : 1[1] -> 3[3] via P2P/CUMEM
nid007550:140390:140661 [2] NCCL INFO Channel 22/0 : 2[2] -> 0[0] via P2P/CUMEM
nid007550:140391:140663 [3] NCCL INFO Channel 22/0 : 3[3] -> 1[1] via P2P/CUMEM
nid007550:140388:140660 [0] NCCL INFO Channel 04/0 : 0[0] -> 3[3] via P2P/CUMEM
nid007550:140389:140662 [1] NCCL INFO Channel 02/0 : 1[1] -> 0[0] via P2P/CUMEM
nid007550:140391:140663 [3] NCCL INFO Channel 01/0 : 3[3] -> 2[2] via P2P/CUMEM
nid007550:140390:140661 [2] NCCL INFO Channel 03/0 : 2[2] -> 1[1] via P2P/CUMEM
nid007550:140388:140660 [0] NCCL INFO Channel 05/0 : 0[0] -> 3[3] via P2P/CUMEM
nid007550:140389:140662 [1] NCCL INFO Channel 05/0 : 1[1] -> 0[0] via P2P/CUMEM
nid007550:140390:140661 [2] NCCL INFO Channel 05/0 : 2[2] -> 1[1] via P2P/CUMEM
nid007550:140388:140660 [0] NCCL INFO Channel 10/0 : 0[0] -> 3[3] via P2P/CUMEM
nid007550:140391:140663 [3] NCCL INFO Channel 05/0 : 3[3] -> 2[2] via P2P/CUMEM
nid007550:140389:140662 [1] NCCL INFO Channel 08/0 : 1[1] -> 0[0] via P2P/CUMEM
nid007550:140390:140661 [2] NCCL INFO Channel 09/0 : 2[2] -> 1[1] via P2P/CUMEM
nid007550:140388:140660 [0] NCCL INFO Channel 11/0 : 0[0] -> 3[3] via P2P/CUMEM
nid007550:140391:140663 [3] NCCL INFO Channel 07/0 : 3[3] -> 2[2] via P2P/CUMEM
nid007550:140389:140662 [1] NCCL INFO Channel 11/0 : 1[1] -> 0[0] via P2P/CUMEM
nid007550:140388:140660 [0] NCCL INFO Channel 16/0 : 0[0] -> 3[3] via P2P/CUMEM
nid007550:140390:140661 [2] NCCL INFO Channel 11/0 : 2[2] -> 1[1] via P2P/CUMEM
nid007550:140391:140663 [3] NCCL INFO Channel 11/0 : 3[3] -> 2[2] via P2P/CUMEM
nid007550:140388:140660 [0] NCCL INFO Channel 17/0 : 0[0] -> 3[3] via P2P/CUMEM
nid007550:140390:140661 [2] NCCL INFO Channel 15/0 : 2[2] -> 1[1] via P2P/CUMEM
nid007550:140391:140663 [3] NCCL INFO Channel 13/0 : 3[3] -> 2[2] via P2P/CUMEM
nid007550:140389:140662 [1] NCCL INFO Channel 14/0 : 1[1] -> 0[0] via P2P/CUMEM
nid007550:140389:140662 [1] NCCL INFO Channel 17/0 : 1[1] -> 0[0] via P2P/CUMEM
nid007550:140390:140661 [2] NCCL INFO Channel 17/0 : 2[2] -> 1[1] via P2P/CUMEM
nid007550:140388:140660 [0] NCCL INFO Channel 22/0 : 0[0] -> 3[3] via P2P/CUMEM
nid007550:140391:140663 [3] NCCL INFO Channel 17/0 : 3[3] -> 2[2] via P2P/CUMEM
nid007550:140390:140661 [2] NCCL INFO Channel 21/0 : 2[2] -> 1[1] via P2P/CUMEM
nid007550:140391:140663 [3] NCCL INFO Channel 19/0 : 3[3] -> 2[2] via P2P/CUMEM
nid007550:140388:140660 [0] NCCL INFO Channel 23/0 : 0[0] -> 3[3] via P2P/CUMEM
nid007550:140389:140662 [1] NCCL INFO Channel 20/0 : 1[1] -> 0[0] via P2P/CUMEM
nid007550:140391:140663 [3] NCCL INFO Channel 23/0 : 3[3] -> 2[2] via P2P/CUMEM
nid007550:140389:140662 [1] NCCL INFO Channel 23/0 : 1[1] -> 0[0] via P2P/CUMEM
nid007550:140390:140661 [2] NCCL INFO Channel 23/0 : 2[2] -> 1[1] via P2P/CUMEM
nid007550:140388:140660 [0] NCCL INFO Connected all rings
nid007550:140391:140663 [3] NCCL INFO Connected all rings
nid007550:140390:140661 [2] NCCL INFO Connected all rings
nid007550:140389:140662 [1] NCCL INFO Connected all rings
nid007550:140388:140660 [0] NCCL INFO Channel 02/0 : 0[0] -> 1[1] via P2P/CUMEM
nid007550:140388:140660 [0] NCCL INFO Channel 03/0 : 0[0] -> 1[1] via P2P/CUMEM
nid007550:140388:140660 [0] NCCL INFO Channel 08/0 : 0[0] -> 1[1] via P2P/CUMEM
nid007550:140388:140660 [0] NCCL INFO Channel 09/0 : 0[0] -> 1[1] via P2P/CUMEM
nid007550:140388:140660 [0] NCCL INFO Channel 10/0 : 0[0] -> 1[1] via P2P/CUMEM
nid007550:140391:140663 [3] NCCL INFO Channel 08/0 : 3[3] -> 0[0] via P2P/CUMEM
nid007550:140388:140660 [0] NCCL INFO Channel 11/0 : 0[0] -> 1[1] via P2P/CUMEM
nid007550:140391:140663 [3] NCCL INFO Channel 10/0 : 3[3] -> 0[0] via P2P/CUMEM
nid007550:140390:140661 [2] NCCL INFO Channel 01/0 : 2[2] -> 3[3] via P2P/CUMEM
nid007550:140388:140660 [0] NCCL INFO Channel 14/0 : 0[0] -> 1[1] via P2P/CUMEM
nid007550:140391:140663 [3] NCCL INFO Channel 11/0 : 3[3] -> 0[0] via P2P/CUMEM
nid007550:140391:140663 [3] NCCL INFO Channel 20/0 : 3[3] -> 0[0] via P2P/CUMEM
nid007550:140390:140661 [2] NCCL INFO Channel 03/0 : 2[2] -> 3[3] via P2P/CUMEM
nid007550:140388:140660 [0] NCCL INFO Channel 15/0 : 0[0] -> 1[1] via P2P/CUMEM
nid007550:140390:140661 [2] NCCL INFO Channel 09/0 : 2[2] -> 3[3] via P2P/CUMEM
nid007550:140391:140663 [3] NCCL INFO Channel 22/0 : 3[3] -> 0[0] via P2P/CUMEM
nid007550:140390:140661 [2] NCCL INFO Channel 10/0 : 2[2] -> 3[3] via P2P/CUMEM
nid007550:140391:140663 [3] NCCL INFO Channel 23/0 : 3[3] -> 0[0] via P2P/CUMEM
nid007550:140388:140660 [0] NCCL INFO Channel 20/0 : 0[0] -> 1[1] via P2P/CUMEM
nid007550:140390:140661 [2] NCCL INFO Channel 11/0 : 2[2] -> 3[3] via P2P/CUMEM
nid007550:140388:140660 [0] NCCL INFO Channel 21/0 : 0[0] -> 1[1] via P2P/CUMEM
nid007550:140389:140662 [1] NCCL INFO Channel 01/0 : 1[1] -> 2[2] via P2P/CUMEM
nid007550:140390:140661 [2] NCCL INFO Channel 13/0 : 2[2] -> 3[3] via P2P/CUMEM
nid007550:140388:140660 [0] NCCL INFO Channel 22/0 : 0[0] -> 1[1] via P2P/CUMEM
nid007550:140389:140662 [1] NCCL INFO Channel 02/0 : 1[1] -> 2[2] via P2P/CUMEM
nid007550:140390:140661 [2] NCCL INFO Channel 15/0 : 2[2] -> 3[3] via P2P/CUMEM
nid007550:140389:140662 [1] NCCL INFO Channel 03/0 : 1[1] -> 2[2] via P2P/CUMEM
nid007550:140388:140660 [0] NCCL INFO Channel 23/0 : 0[0] -> 1[1] via P2P/CUMEM
nid007550:140390:140661 [2] NCCL INFO Channel 21/0 : 2[2] -> 3[3] via P2P/CUMEM
nid007550:140389:140662 [1] NCCL INFO Channel 05/0 : 1[1] -> 2[2] via P2P/CUMEM
nid007550:140390:140661 [2] NCCL INFO Channel 22/0 : 2[2] -> 3[3] via P2P/CUMEM
nid007550:140389:140662 [1] NCCL INFO Channel 07/0 : 1[1] -> 2[2] via P2P/CUMEM
nid007550:140390:140661 [2] NCCL INFO Channel 23/0 : 2[2] -> 3[3] via P2P/CUMEM
nid007550:140389:140662 [1] NCCL INFO Channel 13/0 : 1[1] -> 2[2] via P2P/CUMEM
nid007550:140389:140662 [1] NCCL INFO Channel 14/0 : 1[1] -> 2[2] via P2P/CUMEM
nid007550:140389:140662 [1] NCCL INFO Channel 15/0 : 1[1] -> 2[2] via P2P/CUMEM
nid007550:140389:140662 [1] NCCL INFO Channel 17/0 : 1[1] -> 2[2] via P2P/CUMEM
nid007550:140389:140662 [1] NCCL INFO Channel 19/0 : 1[1] -> 2[2] via P2P/CUMEM
nid007550:140391:140663 [3] NCCL INFO Channel 05/0 : 3[3] -> 1[1] via P2P/CUMEM
nid007550:140391:140663 [3] NCCL INFO Channel 06/0 : 3[3] -> 1[1] via P2P/CUMEM
nid007550:140388:140660 [0] NCCL INFO Channel 04/0 : 0[0] -> 2[2] via P2P/CUMEM
nid007550:140391:140663 [3] NCCL INFO Channel 07/0 : 3[3] -> 1[1] via P2P/CUMEM
nid007550:140391:140663 [3] NCCL INFO Channel 17/0 : 3[3] -> 1[1] via P2P/CUMEM
nid007550:140388:140660 [0] NCCL INFO Channel 05/0 : 0[0] -> 2[2] via P2P/CUMEM
nid007550:140389:140662 [1] NCCL INFO Channel 04/0 : 1[1] -> 3[3] via P2P/CUMEM
nid007550:140389:140662 [1] NCCL INFO Channel 05/0 : 1[1] -> 3[3] via P2P/CUMEM
nid007550:140391:140663 [3] NCCL INFO Channel 18/0 : 3[3] -> 1[1] via P2P/CUMEM
nid007550:140388:140660 [0] NCCL INFO Channel 06/0 : 0[0] -> 2[2] via P2P/CUMEM
nid007550:140389:140662 [1] NCCL INFO Channel 06/0 : 1[1] -> 3[3] via P2P/CUMEM
nid007550:140391:140663 [3] NCCL INFO Channel 19/0 : 3[3] -> 1[1] via P2P/CUMEM
nid007550:140388:140660 [0] NCCL INFO Channel 07/0 : 0[0] -> 2[2] via P2P/CUMEM
nid007550:140390:140661 [2] NCCL INFO Channel 05/0 : 2[2] -> 0[0] via P2P/CUMEM
nid007550:140389:140662 [1] NCCL INFO Channel 16/0 : 1[1] -> 3[3] via P2P/CUMEM
nid007550:140388:140660 [0] NCCL INFO Channel 16/0 : 0[0] -> 2[2] via P2P/CUMEM
nid007550:140390:140661 [2] NCCL INFO Channel 06/0 : 2[2] -> 0[0] via P2P/CUMEM
nid007550:140389:140662 [1] NCCL INFO Channel 17/0 : 1[1] -> 3[3] via P2P/CUMEM
nid007550:140388:140660 [0] NCCL INFO Channel 17/0 : 0[0] -> 2[2] via P2P/CUMEM
nid007550:140390:140661 [2] NCCL INFO Channel 17/0 : 2[2] -> 0[0] via P2P/CUMEM
nid007550:140389:140662 [1] NCCL INFO Channel 18/0 : 1[1] -> 3[3] via P2P/CUMEM
nid007550:140388:140660 [0] NCCL INFO Channel 18/0 : 0[0] -> 2[2] via P2P/CUMEM
nid007550:140390:140661 [2] NCCL INFO Channel 18/0 : 2[2] -> 0[0] via P2P/CUMEM
nid007550:140388:140660 [0] NCCL INFO Channel 19/0 : 0[0] -> 2[2] via P2P/CUMEM
nid007550:140391:140663 [3] NCCL INFO Channel 00/0 : 3[3] -> 2[2] via P2P/CUMEM
nid007550:140391:140663 [3] NCCL INFO Channel 02/0 : 3[3] -> 2[2] via P2P/CUMEM
nid007550:140391:140663 [3] NCCL INFO Channel 03/0 : 3[3] -> 2[2] via P2P/CUMEM
nid007550:140391:140663 [3] NCCL INFO Channel 08/0 : 3[3] -> 2[2] via P2P/CUMEM
nid007550:140391:140663 [3] NCCL INFO Channel 09/0 : 3[3] -> 2[2] via P2P/CUMEM
nid007550:140391:140663 [3] NCCL INFO Channel 10/0 : 3[3] -> 2[2] via P2P/CUMEM
nid007550:140391:140663 [3] NCCL INFO Channel 12/0 : 3[3] -> 2[2] via P2P/CUMEM
nid007550:140389:140662 [1] NCCL INFO Channel 00/0 : 1[1] -> 0[0] via P2P/CUMEM
nid007550:140389:140662 [1] NCCL INFO Channel 01/0 : 1[1] -> 0[0] via P2P/CUMEM
nid007550:140391:140663 [3] NCCL INFO Channel 14/0 : 3[3] -> 2[2] via P2P/CUMEM
nid007550:140388:140660 [0] NCCL INFO Channel 08/0 : 0[0] -> 3[3] via P2P/CUMEM
nid007550:140389:140662 [1] NCCL INFO Channel 03/0 : 1[1] -> 0[0] via P2P/CUMEM
nid007550:140388:140660 [0] NCCL INFO Channel 09/0 : 0[0] -> 3[3] via P2P/CUMEM
nid007550:140390:140661 [2] NCCL INFO Channel 00/0 : 2[2] -> 1[1] via P2P/CUMEM
nid007550:140390:140661 [2] NCCL INFO Channel 01/0 : 2[2] -> 1[1] via P2P/CUMEM
nid007550:140391:140663 [3] NCCL INFO Channel 15/0 : 3[3] -> 2[2] via P2P/CUMEM
nid007550:140389:140662 [1] NCCL INFO Channel 09/0 : 1[1] -> 0[0] via P2P/CUMEM
nid007550:140388:140660 [0] NCCL INFO Channel 20/0 : 0[0] -> 3[3] via P2P/CUMEM
nid007550:140390:140661 [2] NCCL INFO Channel 02/0 : 2[2] -> 1[1] via P2P/CUMEM
nid007550:140391:140663 [3] NCCL INFO Channel 20/0 : 3[3] -> 2[2] via P2P/CUMEM
nid007550:140389:140662 [1] NCCL INFO Channel 10/0 : 1[1] -> 0[0] via P2P/CUMEM
nid007550:140390:140661 [2] NCCL INFO Channel 04/0 : 2[2] -> 1[1] via P2P/CUMEM
nid007550:140391:140663 [3] NCCL INFO Channel 21/0 : 3[3] -> 2[2] via P2P/CUMEM
nid007550:140388:140660 [0] NCCL INFO Channel 21/0 : 0[0] -> 3[3] via P2P/CUMEM
nid007550:140389:140662 [1] NCCL INFO Channel 12/0 : 1[1] -> 0[0] via P2P/CUMEM
nid007550:140390:140661 [2] NCCL INFO Channel 06/0 : 2[2] -> 1[1] via P2P/CUMEM
nid007550:140391:140663 [3] NCCL INFO Channel 22/0 : 3[3] -> 2[2] via P2P/CUMEM
nid007550:140389:140662 [1] NCCL INFO Channel 13/0 : 1[1] -> 0[0] via P2P/CUMEM
nid007550:140390:140661 [2] NCCL INFO Channel 07/0 : 2[2] -> 1[1] via P2P/CUMEM
nid007550:140389:140662 [1] NCCL INFO Channel 15/0 : 1[1] -> 0[0] via P2P/CUMEM
nid007550:140390:140661 [2] NCCL INFO Channel 12/0 : 2[2] -> 1[1] via P2P/CUMEM
nid007550:140390:140661 [2] NCCL INFO Channel 13/0 : 2[2] -> 1[1] via P2P/CUMEM
nid007550:140389:140662 [1] NCCL INFO Channel 21/0 : 1[1] -> 0[0] via P2P/CUMEM
nid007550:140389:140662 [1] NCCL INFO Channel 22/0 : 1[1] -> 0[0] via P2P/CUMEM
nid007550:140390:140661 [2] NCCL INFO Channel 14/0 : 2[2] -> 1[1] via P2P/CUMEM
nid007550:140390:140661 [2] NCCL INFO Channel 16/0 : 2[2] -> 1[1] via P2P/CUMEM
nid007550:140390:140661 [2] NCCL INFO Channel 18/0 : 2[2] -> 1[1] via P2P/CUMEM
nid007550:140390:140661 [2] NCCL INFO Channel 19/0 : 2[2] -> 1[1] via P2P/CUMEM
nid007550:140390:140661 [2] NCCL INFO Connected all trees
nid007550:140390:140661 [2] NCCL INFO threadThresholds 8/8/64 | 32/8/64 | 512 | 512
nid007550:140390:140661 [2] NCCL INFO 24 coll channels, 24 collnet channels, 0 nvls channels, 32 p2p channels, 16 p2p channels per peer
nid007550:140391:140663 [3] NCCL INFO Connected all trees
nid007550:140391:140663 [3] NCCL INFO threadThresholds 8/8/64 | 32/8/64 | 512 | 512
nid007550:140391:140663 [3] NCCL INFO 24 coll channels, 24 collnet channels, 0 nvls channels, 32 p2p channels, 16 p2p channels per peer
nid007550:140389:140662 [1] NCCL INFO Connected all trees
nid007550:140389:140662 [1] NCCL INFO threadThresholds 8/8/64 | 32/8/64 | 512 | 512
nid007550:140389:140662 [1] NCCL INFO 24 coll channels, 24 collnet channels, 0 nvls channels, 32 p2p channels, 16 p2p channels per peer
nid007550:140388:140660 [0] NCCL INFO Connected all trees
nid007550:140388:140660 [0] NCCL INFO threadThresholds 8/8/64 | 32/8/64 | 512 | 512
nid007550:140388:140660 [0] NCCL INFO 24 coll channels, 24 collnet channels, 0 nvls channels, 32 p2p channels, 16 p2p channels per peer
nid007550:140390:140661 [2] NCCL INFO TUNER/Plugin: Plugin load returned 11 : libnccl-net.so: cannot open shared object file: No such file or directory : when loading libnccl-tuner.so
nid007550:140390:140661 [2] NCCL INFO TUNER/Plugin: Using internal tuner plugin.
nid007550:140390:140661 [2] NCCL INFO ncclCommInitRank comm 0xaaae36ca6c50 rank 2 nranks 4 cudaDev 2 nvmlDev 2 busId 2901000 commId 0x3ca089f2f84558b8 - Init COMPLETE
nid007550:140391:140663 [3] NCCL INFO TUNER/Plugin: Plugin load returned 11 : libnccl-net.so: cannot open shared object file: No such file or directory : when loading libnccl-tuner.so
nid007550:140391:140663 [3] NCCL INFO TUNER/Plugin: Using internal tuner plugin.
nid007550:140391:140663 [3] NCCL INFO ncclCommInitRank comm 0xaaab17e4e8c0 rank 3 nranks 4 cudaDev 3 nvmlDev 3 busId 3901000 commId 0x3ca089f2f84558b8 - Init COMPLETE
nid007550:140389:140662 [1] NCCL INFO TUNER/Plugin: Plugin load returned 11 : libnccl-net.so: cannot open shared object file: No such file or directory : when loading libnccl-tuner.so
nid007550:140389:140662 [1] NCCL INFO TUNER/Plugin: Using internal tuner plugin.
nid007550:140389:140662 [1] NCCL INFO ncclCommInitRank comm 0xaaab3e1e3fb0 rank 1 nranks 4 cudaDev 1 nvmlDev 1 busId 1901000 commId 0x3ca089f2f84558b8 - Init COMPLETE
nid007550:140388:140660 [0] NCCL INFO TUNER/Plugin: Plugin load returned 11 : libnccl-net.so: cannot open shared object file: No such file or directory : when loading libnccl-tuner.so
nid007550:140388:140660 [0] NCCL INFO TUNER/Plugin: Using internal tuner plugin.
nid007550:140388:140660 [0] NCCL INFO ncclCommInitRank comm 0xaaae958d91d0 rank 0 nranks 4 cudaDev 0 nvmlDev 0 busId 901000 commId 0x3ca089f2f84558b8 - Init COMPLETE
[OOTDataset] Loaded 216621 samples (gender=all, category=all)
[OOTDataset] Loaded 216621 samples (gender=all, category=all)
[OOTDataset] Loaded 216621 samples (gender=all, category=all)
[OOTDataset] Loaded 216621 samples (gender=all, category=all)
[step     10/28000] loss=0.181721
[step     20/28000] loss=0.025518
[step     30/28000] loss=0.031848
[step     40/28000] loss=0.136163
[step     50/28000] loss=0.014668
[step     60/28000] loss=0.082726
[step     70/28000] loss=0.145778
[step     80/28000] loss=0.143714
[step     90/28000] loss=0.148265
[step    100/28000] loss=0.146277
[step    110/28000] loss=0.052650
[step    120/28000] loss=0.047253
[step    130/28000] loss=0.138011
[step    140/28000] loss=0.215777
[step    150/28000] loss=0.054006
[step    160/28000] loss=0.018687
[step    170/28000] loss=0.129958
[step    180/28000] loss=0.143155
[step    190/28000] loss=0.023069
[step    200/28000] loss=0.076351
[step    210/28000] loss=0.142392
[step    220/28000] loss=0.038608
[step    230/28000] loss=0.144331
[step    240/28000] loss=0.048188
[step    250/28000] loss=0.310842
[step    260/28000] loss=0.003346
[step    270/28000] loss=0.069483
[step    280/28000] loss=0.089980
[step    290/28000] loss=0.060663
[step    300/28000] loss=0.108769
[step    310/28000] loss=0.058747
[step    320/28000] loss=0.188333
[step    330/28000] loss=0.047360
[step    340/28000] loss=0.031023
[step    350/28000] loss=0.027875
[step    360/28000] loss=0.188345
[step    370/28000] loss=0.051674
[step    380/28000] loss=0.239159
[step    390/28000] loss=0.033903
[step    400/28000] loss=0.073078
[step    410/28000] loss=0.093196
[step    420/28000] loss=0.194928
[step    430/28000] loss=0.055025
[step    440/28000] loss=0.129097
[step    450/28000] loss=0.189804
[step    460/28000] loss=0.100294
[step    470/28000] loss=0.214518
[step    480/28000] loss=0.191096
[step    490/28000] loss=0.099074
[step    500/28000] loss=0.032585
[step    510/28000] loss=0.236369
[step    520/28000] loss=0.022840
[step    530/28000] loss=0.144620
[step    540/28000] loss=0.072966
[step    550/28000] loss=0.039255
[step    560/28000] loss=0.072702
[step    570/28000] loss=0.043593
[step    580/28000] loss=0.208986
[step    590/28000] loss=0.035007
[step    600/28000] loss=0.195509
[step    610/28000] loss=0.117959
[step    620/28000] loss=0.051096
[step    630/28000] loss=0.037789
[step    640/28000] loss=0.084928
[step    650/28000] loss=0.095964
[step    660/28000] loss=0.002087
[step    670/28000] loss=0.121663
[step    680/28000] loss=0.060907
[step    690/28000] loss=0.105254
[step    700/28000] loss=0.075500
[step    710/28000] loss=0.132460
[step    720/28000] loss=0.138449
[step    730/28000] loss=0.249043
[step    740/28000] loss=0.058138
[step    750/28000] loss=0.091618
[step    760/28000] loss=0.157144
[step    770/28000] loss=0.257679
[step    780/28000] loss=0.051350
[step    790/28000] loss=0.115616
[step    800/28000] loss=0.014271
[step    810/28000] loss=0.249427
[step    820/28000] loss=0.127739
[step    830/28000] loss=0.044761
[step    840/28000] loss=0.030481
[step    850/28000] loss=0.159055
[step    860/28000] loss=0.012181
[step    870/28000] loss=0.218009
[step    880/28000] loss=0.178261
[step    890/28000] loss=0.009355
[step    900/28000] loss=0.171462
[step    910/28000] loss=0.216061
[step    920/28000] loss=0.035933
[step    930/28000] loss=0.004830
[step    940/28000] loss=0.031349
[step    950/28000] loss=0.098652
[step    960/28000] loss=0.242944
[step    970/28000] loss=0.084613
[step    980/28000] loss=0.117435
[step    990/28000] loss=0.043104
[step   1000/28000] loss=0.148688
[step   1010/28000] loss=0.050356
[step   1020/28000] loss=0.236725
[step   1030/28000] loss=0.061900
[step   1040/28000] loss=0.341331
[step   1050/28000] loss=0.085478
[step   1060/28000] loss=0.058052
[step   1070/28000] loss=0.026757
[step   1080/28000] loss=0.032445
[step   1090/28000] loss=0.042322
[step   1100/28000] loss=0.245591
[step   1110/28000] loss=0.082566
[step   1120/28000] loss=0.267413
[step   1130/28000] loss=0.033744
[step   1140/28000] loss=0.135253
[step   1150/28000] loss=0.070480
[step   1160/28000] loss=0.097663
[step   1170/28000] loss=0.156816
[step   1180/28000] loss=0.037916
[step   1190/28000] loss=0.080755
[step   1200/28000] loss=0.173617
[step   1210/28000] loss=0.072628
[step   1220/28000] loss=0.073124
[step   1230/28000] loss=0.162111
[step   1240/28000] loss=0.247260
[step   1250/28000] loss=0.108039
[step   1260/28000] loss=0.052435
[step   1270/28000] loss=0.077391
[step   1280/28000] loss=0.124625
[step   1290/28000] loss=0.008969
[step   1300/28000] loss=0.218235
[step   1310/28000] loss=0.007802
[step   1320/28000] loss=0.036752
[step   1330/28000] loss=0.261151
[step   1340/28000] loss=0.067562
[step   1350/28000] loss=0.108253
[step   1360/28000] loss=0.216573
[step   1370/28000] loss=0.105935
[step   1380/28000] loss=0.009661
[step   1390/28000] loss=0.149915
[step   1400/28000] loss=0.119405
[step   1410/28000] loss=0.048389
[step   1420/28000] loss=0.082686
[step   1430/28000] loss=0.296248
[step   1440/28000] loss=0.103067
[step   1450/28000] loss=0.019097
[step   1460/28000] loss=0.019694
[step   1470/28000] loss=0.082969
[step   1480/28000] loss=0.132911
[step   1490/28000] loss=0.105935
[step   1500/28000] loss=0.010743
[step   1510/28000] loss=0.142544
[step   1520/28000] loss=0.227832
[step   1530/28000] loss=0.194041
[step   1540/28000] loss=0.254955
[step   1550/28000] loss=0.011479
[step   1560/28000] loss=0.053326
[step   1570/28000] loss=0.111130
[step   1580/28000] loss=0.048407
[step   1590/28000] loss=0.019325
[step   1600/28000] loss=0.032750
[step   1610/28000] loss=0.123666
[step   1620/28000] loss=0.108017
[step   1630/28000] loss=0.009144
[step   1640/28000] loss=0.265168
[step   1650/28000] loss=0.017818
[step   1660/28000] loss=0.191154
[step   1670/28000] loss=0.052233
[step   1680/28000] loss=0.066437
[step   1690/28000] loss=0.081614
[step   1700/28000] loss=0.153281
[step   1710/28000] loss=0.386241
[step   1720/28000] loss=0.059701
[step   1730/28000] loss=0.149912
[step   1740/28000] loss=0.002218
[step   1750/28000] loss=0.043552
[step   1760/28000] loss=0.140004
[step   1770/28000] loss=0.021149
[step   1780/28000] loss=0.018267
[step   1790/28000] loss=0.136763
[step   1800/28000] loss=0.036067
[step   1810/28000] loss=0.094829
[step   1820/28000] loss=0.015504
[step   1830/28000] loss=0.129452
[step   1840/28000] loss=0.138272
[step   1850/28000] loss=0.043321
[step   1860/28000] loss=0.033533
[step   1870/28000] loss=0.080555
[step   1880/28000] loss=0.146550
[step   1890/28000] loss=0.175607
[step   1900/28000] loss=0.103927
[step   1910/28000] loss=0.157039
[step   1920/28000] loss=0.031207
[step   1930/28000] loss=0.220758
[step   1940/28000] loss=0.314748
[step   1950/28000] loss=0.070960
[step   1960/28000] loss=0.194686
[step   1970/28000] loss=0.009894
[step   1980/28000] loss=0.139074
[step   1990/28000] loss=0.046865
[step   2000/28000] loss=0.074173
[step   2010/28000] loss=0.020770
[step   2020/28000] loss=0.010813
[step   2030/28000] loss=0.217820
[step   2040/28000] loss=0.057667
[step   2050/28000] loss=0.148603
[step   2060/28000] loss=0.006073
[step   2070/28000] loss=0.010157
[step   2080/28000] loss=0.004427
[step   2090/28000] loss=0.008100
[step   2100/28000] loss=0.103932
[step   2110/28000] loss=0.225645
[step   2120/28000] loss=0.222619
[step   2130/28000] loss=0.203137
[step   2140/28000] loss=0.051416
[step   2150/28000] loss=0.017693
[step   2160/28000] loss=0.020788
[step   2170/28000] loss=0.046773
[step   2180/28000] loss=0.076473
[step   2190/28000] loss=0.104898
[step   2200/28000] loss=0.109858
[step   2210/28000] loss=0.060515
[step   2220/28000] loss=0.085046
[step   2230/28000] loss=0.105715
[step   2240/28000] loss=0.108712
[step   2250/28000] loss=0.016169
[step   2260/28000] loss=0.109252
[step   2270/28000] loss=0.071926
[step   2280/28000] loss=0.175632
[step   2290/28000] loss=0.038432
[step   2300/28000] loss=0.058081
[step   2310/28000] loss=0.146498
[step   2320/28000] loss=0.035765
[step   2330/28000] loss=0.204477
[step   2340/28000] loss=0.015560
[step   2350/28000] loss=0.089806
[step   2360/28000] loss=0.118836
[step   2370/28000] loss=0.167369
[step   2380/28000] loss=0.270447
[step   2390/28000] loss=0.123260
[step   2400/28000] loss=0.053666
[step   2410/28000] loss=0.055888
[step   2420/28000] loss=0.033106
[step   2430/28000] loss=0.140974
[step   2440/28000] loss=0.228594
[step   2450/28000] loss=0.116901
[step   2460/28000] loss=0.010777
[step   2470/28000] loss=0.096631
[step   2480/28000] loss=0.181268
[step   2490/28000] loss=0.101784
[step   2500/28000] loss=0.018010
[step   2510/28000] loss=0.030559
[step   2520/28000] loss=0.035526
[step   2530/28000] loss=0.206427
[step   2540/28000] loss=0.057424
[step   2550/28000] loss=0.067566
[step   2560/28000] loss=0.080140
[step   2570/28000] loss=0.066094
[step   2580/28000] loss=0.292193
[step   2590/28000] loss=0.191246
[step   2600/28000] loss=0.027407
[step   2610/28000] loss=0.017766
[step   2620/28000] loss=0.188498
[step   2630/28000] loss=0.135369
[step   2640/28000] loss=0.015782
[step   2650/28000] loss=0.033482
[step   2660/28000] loss=0.011931
[step   2670/28000] loss=0.007344
[step   2680/28000] loss=0.231276
[step   2690/28000] loss=0.020738
[step   2700/28000] loss=0.029725
[step   2710/28000] loss=0.079077
[step   2720/28000] loss=0.206253
[step   2730/28000] loss=0.141791
[step   2740/28000] loss=0.185409
[step   2750/28000] loss=0.271769
[step   2760/28000] loss=0.161530
[step   2770/28000] loss=0.126871
[step   2780/28000] loss=0.022883
[step   2790/28000] loss=0.184167
[step   2800/28000] loss=0.072283
[step   2810/28000] loss=0.243975
[step   2820/28000] loss=0.067064
[step   2830/28000] loss=0.022175
[step   2840/28000] loss=0.008233
[step   2850/28000] loss=0.067437
[step   2860/28000] loss=0.127680
[step   2870/28000] loss=0.017611
[step   2880/28000] loss=0.067603
[step   2890/28000] loss=0.075606
[step   2900/28000] loss=0.100464
[step   2910/28000] loss=0.013227
[step   2920/28000] loss=0.018684
[step   2930/28000] loss=0.093142
[step   2940/28000] loss=0.070740
[step   2950/28000] loss=0.060697
[step   2960/28000] loss=0.126681
[step   2970/28000] loss=0.181363
[step   2980/28000] loss=0.114940
[step   2990/28000] loss=0.046659
[step   3000/28000] loss=0.043044
[step   3010/28000] loss=0.105583
[step   3020/28000] loss=0.079480
[step   3030/28000] loss=0.170027
[step   3040/28000] loss=0.101587
[step   3050/28000] loss=0.115651
[step   3060/28000] loss=0.088560
[step   3070/28000] loss=0.036612
[step   3080/28000] loss=0.142985
[step   3090/28000] loss=0.026783
[step   3100/28000] loss=0.074578
[step   3110/28000] loss=0.102487
[step   3120/28000] loss=0.070621
[step   3130/28000] loss=0.143468
[step   3140/28000] loss=0.136501
[step   3150/28000] loss=0.084648
[step   3160/28000] loss=0.012708
[step   3170/28000] loss=0.025522
[step   3180/28000] loss=0.071808
[step   3190/28000] loss=0.022097
[step   3200/28000] loss=0.014402
[step   3210/28000] loss=0.099161
[step   3220/28000] loss=0.186079
[step   3230/28000] loss=0.076787
[step   3240/28000] loss=0.118492
[step   3250/28000] loss=0.109111
[step   3260/28000] loss=0.140142
[step   3270/28000] loss=0.168125
[step   3280/28000] loss=0.083311
[step   3290/28000] loss=0.061692
[step   3300/28000] loss=0.292040
[step   3310/28000] loss=0.025375
[step   3320/28000] loss=0.079230
[step   3330/28000] loss=0.062579
[step   3340/28000] loss=0.062593
[step   3350/28000] loss=0.184455
[step   3360/28000] loss=0.118847
[step   3370/28000] loss=0.007207
[step   3380/28000] loss=0.106084
[step   3390/28000] loss=0.092049
[step   3400/28000] loss=0.148665
[step   3410/28000] loss=0.040201
[step   3420/28000] loss=0.044161
[step   3430/28000] loss=0.026361
[step   3440/28000] loss=0.171188
[step   3450/28000] loss=0.167779
[step   3460/28000] loss=0.161651
[step   3470/28000] loss=0.282129
[step   3480/28000] loss=0.017674
[step   3490/28000] loss=0.118356
[step   3500/28000] loss=0.121950
[step   3510/28000] loss=0.043945
[step   3520/28000] loss=0.101925
[step   3530/28000] loss=0.033396
[step   3540/28000] loss=0.049032
[step   3550/28000] loss=0.042291
[step   3560/28000] loss=0.083702
[step   3570/28000] loss=0.217739
[step   3580/28000] loss=0.096172
[step   3590/28000] loss=0.022013
[step   3600/28000] loss=0.131480
[step   3610/28000] loss=0.028506
[step   3620/28000] loss=0.170439
[step   3630/28000] loss=0.045978
[step   3640/28000] loss=0.066208
[step   3650/28000] loss=0.009687
[step   3660/28000] loss=0.029936
[step   3670/28000] loss=0.067478
[step   3680/28000] loss=0.003920
[step   3690/28000] loss=0.065922
[step   3700/28000] loss=0.092578
[step   3710/28000] loss=0.055617
[step   3720/28000] loss=0.146593
[step   3730/28000] loss=0.187754
[step   3740/28000] loss=0.045816
[step   3750/28000] loss=0.184608
[step   3760/28000] loss=0.006862
[step   3770/28000] loss=0.017216
[step   3780/28000] loss=0.044100
[step   3790/28000] loss=0.116640
[step   3800/28000] loss=0.113745
[step   3810/28000] loss=0.021195
[step   3820/28000] loss=0.043776
[step   3830/28000] loss=0.044736
[step   3840/28000] loss=0.096454
[step   3850/28000] loss=0.442346
[step   3860/28000] loss=0.140002
[step   3870/28000] loss=0.015571
[step   3880/28000] loss=0.139733
[step   3890/28000] loss=0.042082
[step   3900/28000] loss=0.177131
[step   3910/28000] loss=0.003798
[step   3920/28000] loss=0.021045
[step   3930/28000] loss=0.097956
[step   3940/28000] loss=0.023971
[step   3950/28000] loss=0.243561
[step   3960/28000] loss=0.329910
[step   3970/28000] loss=0.117818
[step   3980/28000] loss=0.031136
[step   3990/28000] loss=0.129348
[step   4000/28000] loss=0.030123
[step   4010/28000] loss=0.129857
[step   4020/28000] loss=0.156578
[step   4030/28000] loss=0.158301
[step   4040/28000] loss=0.008238
[step   4050/28000] loss=0.080733
[step   4060/28000] loss=0.055505
[step   4070/28000] loss=0.075049
[step   4080/28000] loss=0.082833
[step   4090/28000] loss=0.037431
[step   4100/28000] loss=0.034178
[step   4110/28000] loss=0.146033
[step   4120/28000] loss=0.025607
[step   4130/28000] loss=0.118273
[step   4140/28000] loss=0.202408
[step   4150/28000] loss=0.152476
[step   4160/28000] loss=0.022697
[step   4170/28000] loss=0.147143
[step   4180/28000] loss=0.107592
[step   4190/28000] loss=0.421546
[step   4200/28000] loss=0.010832
[step   4210/28000] loss=0.067859
[step   4220/28000] loss=0.006459
[step   4230/28000] loss=0.175088
[step   4240/28000] loss=0.049655
[step   4250/28000] loss=0.066333
[step   4260/28000] loss=0.186785
[step   4270/28000] loss=0.038834
[step   4280/28000] loss=0.029782
[step   4290/28000] loss=0.043986
[step   4300/28000] loss=0.051553
[step   4310/28000] loss=0.129098
[step   4320/28000] loss=0.095454
[step   4330/28000] loss=0.018199
[step   4340/28000] loss=0.044280
[step   4350/28000] loss=0.146344
[step   4360/28000] loss=0.145617
[step   4370/28000] loss=0.076127
[step   4380/28000] loss=0.040743
[step   4390/28000] loss=0.043418
[step   4400/28000] loss=0.065865
[step   4410/28000] loss=0.050409
[step   4420/28000] loss=0.046867
[step   4430/28000] loss=0.102608
[step   4440/28000] loss=0.321838
[step   4450/28000] loss=0.040389
[step   4460/28000] loss=0.125693
[step   4470/28000] loss=0.160312
[step   4480/28000] loss=0.304493
[step   4490/28000] loss=0.083261
[step   4500/28000] loss=0.187726
[step   4510/28000] loss=0.049083
[step   4520/28000] loss=0.019062
[step   4530/28000] loss=0.142102
[step   4540/28000] loss=0.061555
[step   4550/28000] loss=0.035532
[step   4560/28000] loss=0.120946
[step   4570/28000] loss=0.091874
[step   4580/28000] loss=0.071137
[step   4590/28000] loss=0.010706
[step   4600/28000] loss=0.040623
[step   4610/28000] loss=0.274524
[step   4620/28000] loss=0.129130
[step   4630/28000] loss=0.057937
[step   4640/28000] loss=0.076373
[step   4650/28000] loss=0.042840
[step   4660/28000] loss=0.058628
[step   4670/28000] loss=0.005399
[step   4680/28000] loss=0.378709
[step   4690/28000] loss=0.068927
[step   4700/28000] loss=0.160189
[step   4710/28000] loss=0.117837
[step   4720/28000] loss=0.196594
[step   4730/28000] loss=0.044248
[step   4740/28000] loss=0.181133
[step   4750/28000] loss=0.007544
[step   4760/28000] loss=0.040422
[step   4770/28000] loss=0.271359
[step   4780/28000] loss=0.006944
[step   4790/28000] loss=0.085272
[step   4800/28000] loss=0.041302
[step   4810/28000] loss=0.084768
[step   4820/28000] loss=0.043308
[step   4830/28000] loss=0.223428
[step   4840/28000] loss=0.019688
[step   4850/28000] loss=0.064615
[step   4860/28000] loss=0.085506
[step   4870/28000] loss=0.095330
[step   4880/28000] loss=0.050834
[step   4890/28000] loss=0.096026
[step   4900/28000] loss=0.175201
[step   4910/28000] loss=0.285461
[step   4920/28000] loss=0.077961
[step   4930/28000] loss=0.070853
[step   4940/28000] loss=0.238275
[step   4950/28000] loss=0.008007
[step   4960/28000] loss=0.115454
[step   4970/28000] loss=0.064766
[step   4980/28000] loss=0.029166
[step   4990/28000] loss=0.035613
[step   5000/28000] loss=0.262723
[step   5010/28000] loss=0.049864
[step   5020/28000] loss=0.024317
[step   5030/28000] loss=0.025974
[step   5040/28000] loss=0.320784
[step   5050/28000] loss=0.025885
[step   5060/28000] loss=0.091574
[step   5070/28000] loss=0.110914
[step   5080/28000] loss=0.071092
[step   5090/28000] loss=0.028681
[step   5100/28000] loss=0.001654
[step   5110/28000] loss=0.104691
[step   5120/28000] loss=0.183072
[step   5130/28000] loss=0.065075
[step   5140/28000] loss=0.045403
[step   5150/28000] loss=0.103468
[step   5160/28000] loss=0.162529
[step   5170/28000] loss=0.034777
[step   5180/28000] loss=0.028894
[step   5190/28000] loss=0.108421
[step   5200/28000] loss=0.080389
